PROOF REGRESSION at repr.adb:7: mark @RANGE_CHECK:PASS not found
repr.adb:6:09: warning: initialization of "X" has no effect
repr.adb:6:24: info: range check proved (altergo: 1 VC)
repr.adb:7:09: warning: initialization of "Z" has no effect
repr.adb:7:24: medium: range check might fail (e.g. when B = (others => 0) and B'First = 0 and B'Last = 0 and Z = 0)
repr.adb:7:32: info: division check proved (CVC4: 1 VC)
repr.adb:8:09: info: range check proved (CVC4: 2 VC)
repr.adb:8:09: warning: initialization of "Temp_Buf" has no effect
repr.adb:8:53: info: length check proved (CVC4: 4 VC)
repr.ads:10:16: warning: "A" is not modified, could be IN
repr.ads:10:16: warning: unused variable "A"
repr.ads:11:19: warning: unused initial value of "B"
