dynamic_preds.ads:6:53: access to "Integer" is not allowed in SPARK (due to access type)
dynamic_preds.ads:6:53: delayed type aspect on "Bad" is required to be in SPARK
dynamic_preds.ads:6:60: access to "Integer" is not allowed in SPARK (due to access type)
dynamic_preds.ads:6:60: delayed type aspect on "Bad" is required to be in SPARK
dynamic_preds.ads:15:26: "Bad" is not allowed in SPARK
dynamic_preds.ads:15:26: violation of aspect SPARK_Mode at line 15
dynamic_preds.ads:16:26: "Bad_Pair" is not allowed in SPARK
dynamic_preds.ads:16:26: violation of aspect SPARK_Mode at line 16
dynamic_preds.ads:17:26: "Bad_Array" is not allowed in SPARK
dynamic_preds.ads:17:26: violation of aspect SPARK_Mode at line 17
gnatprove: error during flow analysis and proof
