pack.ads:4:08: access to "Boolean" is not allowed in SPARK
pack.ads:4:08: violation of aspect SPARK_Mode at line 2
pack.ads:4:26: access to "Boolean" is not allowed in SPARK
pack.ads:4:26: violation of aspect SPARK_Mode at line 2
pack.ads:7:18: explicit dereference is not allowed in SPARK
pack.ads:7:18: violation of aspect SPARK_Mode at line 2
gnatprove: error during flow analysis and proof
