calls.adb:18:07: call through access to procedure is not allowed in SPARK
calls.adb:18:07: violation of pragma SPARK_Mode at line 1
calls.ads:7:07: access to subprogram is not allowed in SPARK (due to access type)
calls.ads:7:07: violation of pragma SPARK_Mode at line 1
gnatprove: error during flow analysis and proof
