p.ads:3:04: access to "Boolean" is not allowed in SPARK (due to access type)
p.ads:3:04: violation of pragma SPARK_Mode at line 2
gnatprove: error during flow analysis and proof
