foo.ads:3:09: access type is not allowed in SPARK
foo.ads:3:09: violation of pragma SPARK_Mode at test.adc:1
foo.ads:7:09: access to "Integer" is not allowed in SPARK (due to access type)
foo.ads:7:09: violation of pragma SPARK_Mode at test.adc:1
gnatprove: error during flow analysis and proof
