mode_on.ads:5:09: "My_Record" is not allowed in SPARK
mode_on.ads:5:09: violation of aspect SPARK_Mode at line 2
gnatprove: error during flow analysis and proof
