max_array_dimensions.ads:9:09: "d5" is not allowed in SPARK (due to array of dimension greater than 4)
max_array_dimensions.ads:9:09: violation of pragma SPARK_Mode at test.adc:1
gnatprove: error during flow analysis and proof
