my_pack-child.ads:4:13: medium: invariant check might fail (e.g. when Incr'Result = 0)
my_pack-child.ads:6:09: medium: invariant check might fail on default value
my_pack-child.ads:8:41: medium: overflow check might fail (e.g. when Incr'Result = 0 and X = 2147483647)
my_pack-child_bad.ads:4:09: "T1" is not allowed in SPARK (due to type invariant in child unit)
my_pack-child_bad.ads:4:09: violation of aspect SPARK_Mode at line 1
my_pack.ads:4:09: medium: invariant check might fail on default value
gnatprove: error during flow analysis and proof
