SOUNDNESS BUG at p.adb:13: mark @ASSERT:FAIL not found
p.adb:3:46: info: postcondition proved (CVC4: 1 VC)
p.adb:10:37: info: precondition proved (CVC4: 1 VC)
p.adb:10:64: info: refined post proved (CVC4: 1 VC)
p.adb:13:19: info: assertion proved (CVC4: 1 VC)
