dynamic_preds.ads:5:53: access to "Integer" is not allowed in SPARK (due to access type)
dynamic_preds.ads:5:53: delayed type aspect on "Bad" is required to be in SPARK
dynamic_preds.ads:5:60: access to "Integer" is not allowed in SPARK (due to access type)
dynamic_preds.ads:5:60: delayed type aspect on "Bad" is required to be in SPARK
dynamic_preds.ads:14:26: "Bad" is not allowed in SPARK
dynamic_preds.ads:14:26: violation of aspect SPARK_Mode at line 14
dynamic_preds.ads:15:26: "Bad_Pair" is not allowed in SPARK
dynamic_preds.ads:15:26: violation of aspect SPARK_Mode at line 15
dynamic_preds.ads:16:26: "Bad_Array" is not allowed in SPARK
dynamic_preds.ads:16:26: violation of aspect SPARK_Mode at line 16
dynamic_preds.ads:21:16: access to "Integer" is not allowed in SPARK (due to access type)
dynamic_preds.ads:21:16: violation of aspect SPARK_Mode at line 19
dynamic_preds.ads:21:46: access to "Integer" is not allowed in SPARK (due to access type)
dynamic_preds.ads:21:46: violation of aspect SPARK_Mode at line 19
dynamic_preds.ads:23:56: access to "Integer" is not allowed in SPARK (due to access type)
dynamic_preds.ads:23:56: violation of aspect SPARK_Mode at line 19
dynamic_preds.ads:23:63: access to "Integer" is not allowed in SPARK (due to access type)
dynamic_preds.ads:23:63: violation of aspect SPARK_Mode at line 19
dynamic_preds.ads:26:10: "Bad" is not allowed in SPARK
dynamic_preds.ads:26:10: violation of aspect SPARK_Mode at line 19
dynamic_preds.ads:27:10: "Bad" is not allowed in SPARK
dynamic_preds.ads:27:10: violation of aspect SPARK_Mode at line 19
dynamic_preds.ads:30:12: "Bad_Array" is not allowed in SPARK
dynamic_preds.ads:30:12: violation of aspect SPARK_Mode at line 19
dynamic_preds.ads:32:29: "Bad" is not allowed in SPARK
dynamic_preds.ads:32:29: violation of aspect SPARK_Mode at line 32
dynamic_preds.ads:33:29: "Bad_Pair" is not allowed in SPARK
dynamic_preds.ads:33:29: violation of aspect SPARK_Mode at line 33
gnatprove: error during flow analysis and proof
