p.ads:4:08: access to "Boolean" is not allowed in SPARK
p.ads:4:08: violation of aspect SPARK_Mode at line 2
gnatprove: error during flow analysis and proof
