Why3 for gnatprove version 0.88+git
 2.3.0
 This is CVC4 version 1.6-prerelease
 Z3 version 4.8.0
