c45532o.adb:6:11: "FX_1" is not allowed in SPARK
c45532o.adb:6:11: violation of pragma SPARK_Mode at test.adc:1
c45532o.adb:7:11: "FX_RNG1" is not allowed in SPARK
c45532o.adb:7:11: violation of pragma SPARK_Mode at test.adc:1
c45532o.adb:14:33: operation between different fixed-point types is not yet supported
gnatprove: error during flow analysis and proof
